Star@5CG9410FJD MINGW64 /d/Stash Git
$ git init
Initialized empty Git repository in D:/Stash Git/.git/

Star@5CG9410FJD MINGW64 /d/Stash Git (master)
$ git add .

Star@5CG9410FJD MINGW64 /d/Stash Git (master)
$ git commit -m "initial commit"
[master (root-commit) d40d4e1] initial commit
 1 file changed, 1 insertion(+)
 create mode 100644 Hello.txt

Star@5CG9410FJD MINGW64 /d/Stash Git (master)
$ git add .

Star@5CG9410FJD MINGW64 /d/Stash Git (master)
$ git stash save "mapstore file added"
Saved working directory and index state On master: mapstore file added

Star@5CG9410FJD MINGW64 /d/Stash Git (master)
$ git add .

Star@5CG9410FJD MINGW64 /d/Stash Git (master)
$ git stash save "record store file added"
Saved working directory and index state On master: record store file added

Star@5CG9410FJD MINGW64 /d/Stash Git (master)
$ git stash list
stash@{0}: On master: record store file added
stash@{1}: On master: mapstore file added

Star@5CG9410FJD MINGW64 /d/Stash Git (master)
$ git stash apply
On branch master
Changes to be committed:
  (use "git restore --staged <file>..." to unstage)
        new file:   RecordStore.txt


Star@5CG9410FJD MINGW64 /d/Stash Git (master)
$ git stash list
stash@{0}: On master: record store file added
stash@{1}: On master: mapstore file added

Star@5CG9410FJD MINGW64 /d/Stash Git (master)
$ git stash apply stash@{1}
On branch master
Changes to be committed:
  (use "git restore --staged <file>..." to unstage)
        new file:   Mapstore.txt
        new file:   RecordStore.txt


Star@5CG9410FJD MINGW64 /d/Stash Git (master)
$ git stash list
stash@{0}: On master: record store file added
stash@{1}: On master: mapstore file added

Star@5CG9410FJD MINGW64 /d/Stash Git (master)
$ git stash drop
Dropped refs/stash@{0} (ec224c3b94d21af06ce83864af07f07345a15ebb)

Star@5CG9410FJD MINGW64 /d/Stash Git (master)
$ git stash list
stash@{0}: On master: mapstore file added

Star@5CG9410FJD MINGW64 /d/Stash Git (master)
$ git stash drop stash@{0}
Dropped stash@{0} (a8fc74fc6f4817a554245b24a9c7b5fd2793d969)

Star@5CG9410FJD MINGW64 /d/Stash Git (master)
$ git stash list

Star@5CG9410FJD MINGW64 /d/Stash Git (master)
$ git add .

Star@5CG9410FJD MINGW64 /d/Stash Git (master)
$ git stash save "File1 added"
Saved working directory and index state On master: File1 added

Star@5CG9410FJD MINGW64 /d/Stash Git (master)
$ git stash list
stash@{0}: On master: File1 added

Star@5CG9410FJD MINGW64 /d/Stash Git (master)
$ git add .

Star@5CG9410FJD MINGW64 /d/Stash Git (master)
$ git stash save "File2 added"
Saved working directory and index state On master: File2 added

Star@5CG9410FJD MINGW64 /d/Stash Git (master)
$ git stash list
stash@{0}: On master: File2 added
stash@{1}: On master: File1 added

Star@5CG9410FJD MINGW64 /d/Stash Git (master)
$ git add .

Star@5CG9410FJD MINGW64 /d/Stash Git (master)
$ git stash save "slack files added"
Saved working directory and index state On master: slack files added

Star@5CG9410FJD MINGW64 /d/Stash Git (master)
$ git stash list
stash@{0}: On master: slack files added
stash@{1}: On master: File2 added
stash@{2}: On master: File1 added

Star@5CG9410FJD MINGW64 /d/Stash Git (master)
$ git stash apply
On branch master
Changes to be committed:
  (use "git restore --staged <file>..." to unstage)
        new file:   Slack1.txt
        new file:   Slack2.txt


Star@5CG9410FJD MINGW64 /d/Stash Git (master)
$ git stash apply stash@{2}
On branch master
Changes to be committed:
  (use "git restore --staged <file>..." to unstage)
        new file:   File1.txt
        new file:   Mapstore.txt
        new file:   RecordStore.txt
        new file:   Slack1.txt
        new file:   Slack2.txt


Star@5CG9410FJD MINGW64 /d/Stash Git (master)
$ git stash drop
Dropped refs/stash@{0} (02b66f542ac80d153347f5d9a3165d1b890685e3)

Star@5CG9410FJD MINGW64 /d/Stash Git (master)
$ git stash drop
Dropped refs/stash@{0} (73057a7fb6effa7a91a931b4b809ec71b1bd7fb3)

Star@5CG9410FJD MINGW64 /d/Stash Git (master)
$ git stash drop
Dropped refs/stash@{0} (37f9a662f5b168e1dfdbe1cf2ad23a95bf1c556c)

Star@5CG9410FJD MINGW64 /d/Stash Git (master)
$ git stash list

Star@5CG9410FJD MINGW64 /d/Stash Git (master)
$ git add "Mapstore.txt"

Star@5CG9410FJD MINGW64 /d/Stash Git (master)
$ git stash save "mapstore\ file added"
Saved working directory and index state On master: mapstore\ file added

Star@5CG9410FJD MINGW64 /d/Stash Git (master)
$ git stash list
stash@{0}: On master: mapstore\ file added

Star@5CG9410FJD MINGW64 /d/Stash Git (master)
$ git stash apply
On branch master
Changes to be committed:
  (use "git restore --staged <file>..." to unstage)
        new file:   File1.txt
        new file:   Mapstore.txt
        new file:   RecordStore.txt
        new file:   Slack1.txt
        new file:   Slack2.txt


Star@5CG9410FJD MINGW64 /d/Stash Git (master)
$ git stash drop
Dropped refs/stash@{0} (ed65d9e0cb4834b9cbeb5be6d142b76045f379a7)

Star@5CG9410FJD MINGW64 /d/Stash Git (master)
$ git add "Mapstore.txt"

Star@5CG9410FJD MINGW64 /d/Stash Git (master)
$ git commit -m "mapstore file added"
[master b53e67a] mapstore file added
 5 files changed, 7 insertions(+)
 create mode 100644 File1.txt
 create mode 100644 Mapstore.txt
 create mode 100644 RecordStore.txt
 create mode 100644 Slack1.txt
 create mode 100644 Slack2.txt

Star@5CG9410FJD MINGW64 /d/Stash Git (master)
$ git status
On branch master
nothing to commit, working tree clean

Star@5CG9410FJD MINGW64 /d/Stash Git (master)
$ git log --oneline
b53e67a (HEAD -> master) mapstore file added
d40d4e1 initial commit

Star@5CG9410FJD MINGW64 /d/Stash Git (master)
$ git add "RecordStore.txt"

Star@5CG9410FJD MINGW64 /d/Stash Git (master)
$ git stash save "all files added"
No local changes to save

Star@5CG9410FJD MINGW64 /d/Stash Git (master)
$ git stash list

Star@5CG9410FJD MINGW64 /d/Stash Git (master)
$ git stash list

Star@5CG9410FJD MINGW64 /d/Stash Git (master)
$ git stash save "all files added"
Saved working directory and index state On master: all files added

Star@5CG9410FJD MINGW64 /d/Stash Git (master)
$ git stash list
stash@{0}: On master: all files added

Star@5CG9410FJD MINGW64 /d/Stash Git (master)
$ git ls-files
File1.txt
Hello.txt
Mapstore.txt
RecordStore.txt
Slack1.txt
Slack2.txt

Star@5CG9410FJD MINGW64 /d/Stash Git (master)
$ git reset --hard^C

Star@5CG9410FJD MINGW64 /d/Stash Git (master)
$ git reset --hard d40d4e1
HEAD is now at d40d4e1 initial commit

Star@5CG9410FJD MINGW64 /d/Stash Git (master)
$ git ls-files
Hello.txt

Star@5CG9410FJD MINGW64 /d/Stash Git (master)
$ git stash list
stash@{0}: On master: all files added

Star@5CG9410FJD MINGW64 /d/Stash Git (master)
$ git apply




Star@5CG9410FJD MINGW64 /d/Stash Git (master)
$ ^C

Star@5CG9410FJD MINGW64 /d/Stash Git (master)
$ git stash apply
CONFLICT (modify/delete): Slack1.txt deleted in Updated upstream and modified in Stashed changes.  Version Stashed changes of Slack1.txt left in tree.
On branch master
Unmerged paths:
  (use "git restore --staged <file>..." to unstage)
  (use "git add/rm <file>..." as appropriate to mark resolution)
        deleted by us:   Slack1.txt

no changes added to commit (use "git add" and/or "git commit -a")

Star@5CG9410FJD MINGW64 /d/Stash Git (master)
$ git stash list
stash@{0}: On master: all files added

Star@5CG9410FJD MINGW64 /d/Stash Git (master)
$
